 
****************************************
check_design summary:
Version:     K-2015.06
Date:        Wed Sep 16 15:14:45 2020
****************************************

                   Name                                            Total
--------------------------------------------------------------------------------
Inputs/Outputs                                                      3
    Unconnected ports (LINT-28)                                     3

Cells                                                               3
    Connected to power or ground (LINT-32)                          2
    Nets connected to multiple pins on same cell (LINT-33)          1
--------------------------------------------------------------------------------

Warning: In design 'Adder16_DW01_add_1', port 'A[16]' is not connected to any nets. (LINT-28)
Warning: In design 'Adder16_DW01_add_1', port 'B[16]' is not connected to any nets. (LINT-28)
Warning: In design 'Adder16_DW01_add_1', port 'CO' is not connected to any nets. (LINT-28)
Warning: In design 'Adder16', a pin on submodule 'add_1_root_add_20_2' is connected to logic 1 or logic 0. (LINT-32)
   Pin 'A[16]' is connected to logic 0. 
Warning: In design 'Adder16', a pin on submodule 'add_1_root_add_20_2' is connected to logic 1 or logic 0. (LINT-32)
   Pin 'B[16]' is connected to logic 0. 
Warning: In design 'Adder16', the same net is connected to more than one pin on submodule 'add_1_root_add_20_2'. (LINT-33)
   Net 'n1' is connected to pins 'A[16]', 'B[16]''.
1
 
****************************************
Report : area
Design : Adder16
Version: K-2015.06
Date   : Wed Sep 16 15:14:45 2020
****************************************

Information: Updating design information... (UID-85)
Library(s) Used:

    lsi_10k (File: /home/ectl/Software/synopsys/syn2015.06/libraries/syn/lsi_10k.db)

Number of ports:                          104
Number of nets:                           331
Number of cells:                          248
Number of combinational cells:            196
Number of sequential cells:                51
Number of macros/black boxes:               0
Number of buf/inv:                         42
Number of references:                       2

Combinational area:                280.000000
Buf/Inv area:                       42.000000
Noncombinational area:             350.000000
Macro/Black Box area:                0.000000
Net Interconnect area:      undefined  (No wire load specified)

Total cell area:                   630.000000
Total area:                 undefined
1
 
****************************************
Report : design
Design : Adder16
Version: K-2015.06
Date   : Wed Sep 16 15:14:45 2020
****************************************

Design allows ideal nets on clock nets.

Library(s) Used:

    lsi_10k (File: /home/ectl/Software/synopsys/syn2015.06/libraries/syn/lsi_10k.db)

Local Link Library:

    {lsi_10k.db}

Flip-Flop Types:

    No flip-flop types specified.

Latch Types:

    No latch types specified.

Operating Conditions:


    Operating Condition Name : WCCOM
    Library : lsi_10k
    Process :   1.50
    Temperature :  70.00
    Voltage :   4.75
    Interconnect Model : worst_case_tree

Wire Loading Model:

    No wire loading specified.


Wire Loading Model Mode: top.

Timing Ranges:

    No timing ranges specified.

Pin Input Delays:

    None specified.

Pin Output Delays:

    None specified.

Disabled Timing Arcs:

    No arcs disabled.

Required Licenses:

    None Required

Design Parameters:

    None specified.
1
 
****************************************
Report : cell
Design : Adder16
Version: K-2015.06
Date   : Wed Sep 16 15:14:45 2020
****************************************

Attributes:
   BO - reference allows boundary optimization
    b - black box (unknown)
    h - hierarchical
    n - noncombinational
    r - removable
    u - contains unmapped logic

Cell                      Reference       Library             Area  Attributes
--------------------------------------------------------------------------------
add_1_root_add_20_2       Adder16_DW01_add_1              280.000000
                                                                    BO, h
ain_tmp_reg[0]            FD1             lsi_10k         7.000000  n
ain_tmp_reg[1]            FD1             lsi_10k         7.000000  n
ain_tmp_reg[2]            FD1             lsi_10k         7.000000  n
ain_tmp_reg[3]            FD1             lsi_10k         7.000000  n
ain_tmp_reg[4]            FD1             lsi_10k         7.000000  n
ain_tmp_reg[5]            FD1             lsi_10k         7.000000  n
ain_tmp_reg[6]            FD1             lsi_10k         7.000000  n
ain_tmp_reg[7]            FD1             lsi_10k         7.000000  n
ain_tmp_reg[8]            FD1             lsi_10k         7.000000  n
ain_tmp_reg[9]            FD1             lsi_10k         7.000000  n
ain_tmp_reg[10]           FD1             lsi_10k         7.000000  n
ain_tmp_reg[11]           FD1             lsi_10k         7.000000  n
ain_tmp_reg[12]           FD1             lsi_10k         7.000000  n
ain_tmp_reg[13]           FD1             lsi_10k         7.000000  n
ain_tmp_reg[14]           FD1             lsi_10k         7.000000  n
ain_tmp_reg[15]           FD1             lsi_10k         7.000000  n
bin_tmp_reg[0]            FD1             lsi_10k         7.000000  n
bin_tmp_reg[1]            FD1             lsi_10k         7.000000  n
bin_tmp_reg[2]            FD1             lsi_10k         7.000000  n
bin_tmp_reg[3]            FD1             lsi_10k         7.000000  n
bin_tmp_reg[4]            FD1             lsi_10k         7.000000  n
bin_tmp_reg[5]            FD1             lsi_10k         7.000000  n
bin_tmp_reg[6]            FD1             lsi_10k         7.000000  n
bin_tmp_reg[7]            FD1             lsi_10k         7.000000  n
bin_tmp_reg[8]            FD1             lsi_10k         7.000000  n
bin_tmp_reg[9]            FD1             lsi_10k         7.000000  n
bin_tmp_reg[10]           FD1             lsi_10k         7.000000  n
bin_tmp_reg[11]           FD1             lsi_10k         7.000000  n
bin_tmp_reg[12]           FD1             lsi_10k         7.000000  n
bin_tmp_reg[13]           FD1             lsi_10k         7.000000  n
bin_tmp_reg[14]           FD1             lsi_10k         7.000000  n
bin_tmp_reg[15]           FD1             lsi_10k         7.000000  n
cin_tmp_reg               FD1             lsi_10k         7.000000  n
cout_reg                  FD1             lsi_10k         7.000000  n
sout_reg[0]               FD1             lsi_10k         7.000000  n
sout_reg[1]               FD1             lsi_10k         7.000000  n
sout_reg[2]               FD1             lsi_10k         7.000000  n
sout_reg[3]               FD1             lsi_10k         7.000000  n
sout_reg[4]               FD1             lsi_10k         7.000000  n
sout_reg[5]               FD1             lsi_10k         7.000000  n
sout_reg[6]               FD1             lsi_10k         7.000000  n
sout_reg[7]               FD1             lsi_10k         7.000000  n
sout_reg[8]               FD1             lsi_10k         7.000000  n
sout_reg[9]               FD1             lsi_10k         7.000000  n
sout_reg[10]              FD1             lsi_10k         7.000000  n
sout_reg[11]              FD1             lsi_10k         7.000000  n
sout_reg[12]              FD1             lsi_10k         7.000000  n
sout_reg[13]              FD1             lsi_10k         7.000000  n
sout_reg[14]              FD1             lsi_10k         7.000000  n
sout_reg[15]              FD1             lsi_10k         7.000000  n
--------------------------------------------------------------------------------
Total 51 cells                                            630.000000
1
 
****************************************
Report : reference
Design : Adder16
Version: K-2015.06
Date   : Wed Sep 16 15:14:45 2020
****************************************

Attributes:
    b - black box (unknown)
   bo - allows boundary optimization
    d - dont_touch
   mo - map_only
    h - hierarchical
    n - noncombinational
    r - removable
    s - synthetic operator
    u - contains unmapped logic

Reference          Library       Unit Area   Count    Total Area   Attributes
-----------------------------------------------------------------------------
Adder16_DW01_add_1              280.000000       1    280.000000  h
FD1                lsi_10k        7.000000      50    350.000000  n
-----------------------------------------------------------------------------
Total 2 references                                    630.000000
1
 
****************************************
Report : port
        -verbose
Design : Adder16
Version: K-2015.06
Date   : Wed Sep 16 15:14:45 2020
****************************************


                       Pin      Wire     Max     Max     Connection
Port           Dir     Load     Load     Trans   Cap     Class      Attrs
--------------------------------------------------------------------------------
ain[0]         in      0.0000   0.0000   --      --      --         
ain[1]         in      0.0000   0.0000   --      --      --         
ain[2]         in      0.0000   0.0000   --      --      --         
ain[3]         in      0.0000   0.0000   --      --      --         
ain[4]         in      0.0000   0.0000   --      --      --         
ain[5]         in      0.0000   0.0000   --      --      --         
ain[6]         in      0.0000   0.0000   --      --      --         
ain[7]         in      0.0000   0.0000   --      --      --         
ain[8]         in      0.0000   0.0000   --      --      --         
ain[9]         in      0.0000   0.0000   --      --      --         
ain[10]        in      0.0000   0.0000   --      --      --         
ain[11]        in      0.0000   0.0000   --      --      --         
ain[12]        in      0.0000   0.0000   --      --      --         
ain[13]        in      0.0000   0.0000   --      --      --         
ain[14]        in      0.0000   0.0000   --      --      --         
ain[15]        in      0.0000   0.0000   --      --      --         
bin[0]         in      0.0000   0.0000   --      --      --         
bin[1]         in      0.0000   0.0000   --      --      --         
bin[2]         in      0.0000   0.0000   --      --      --         
bin[3]         in      0.0000   0.0000   --      --      --         
bin[4]         in      0.0000   0.0000   --      --      --         
bin[5]         in      0.0000   0.0000   --      --      --         
bin[6]         in      0.0000   0.0000   --      --      --         
bin[7]         in      0.0000   0.0000   --      --      --         
bin[8]         in      0.0000   0.0000   --      --      --         
bin[9]         in      0.0000   0.0000   --      --      --         
bin[10]        in      0.0000   0.0000   --      --      --         
bin[11]        in      0.0000   0.0000   --      --      --         
bin[12]        in      0.0000   0.0000   --      --      --         
bin[13]        in      0.0000   0.0000   --      --      --         
bin[14]        in      0.0000   0.0000   --      --      --         
bin[15]        in      0.0000   0.0000   --      --      --         
cin            in      0.0000   0.0000   --      --      --         
clk            in      0.0000   0.0000   --      --      --         
cout           out     1.5000   0.0000   --      --      --         
sout[0]        out     2.2000   0.0000   --      --      --         
sout[1]        out     2.2000   0.0000   --      --      --         
sout[2]        out     2.2000   0.0000   --      --      --         
sout[3]        out     2.2000   0.0000   --      --      --         
sout[4]        out     2.2000   0.0000   --      --      --         
sout[5]        out     2.2000   0.0000   --      --      --         
sout[6]        out     2.2000   0.0000   --      --      --         
sout[7]        out     2.2000   0.0000   --      --      --         
sout[8]        out     2.2000   0.0000   --      --      --         
sout[9]        out     2.2000   0.0000   --      --      --         
sout[10]       out     2.2000   0.0000   --      --      --         
sout[11]       out     2.2000   0.0000   --      --      --         
sout[12]       out     2.2000   0.0000   --      --      --         
sout[13]       out     2.2000   0.0000   --      --      --         
sout[14]       out     2.2000   0.0000   --      --      --         
sout[15]       out     2.2000   0.0000   --      --      --         


              External  Max             Min                Min       Min
              Number    Wireload        Wireload           Pin       Wire
Port          Points    Model           Model              Load      Load
--------------------------------------------------------------------------------
ain[0]             1      --              --              --        -- 
ain[1]             1      --              --              --        -- 
ain[2]             1      --              --              --        -- 
ain[3]             1      --              --              --        -- 
ain[4]             1      --              --              --        -- 
ain[5]             1      --              --              --        -- 
ain[6]             1      --              --              --        -- 
ain[7]             1      --              --              --        -- 
ain[8]             1      --              --              --        -- 
ain[9]             1      --              --              --        -- 
ain[10]            1      --              --              --        -- 
ain[11]            1      --              --              --        -- 
ain[12]            1      --              --              --        -- 
ain[13]            1      --              --              --        -- 
ain[14]            1      --              --              --        -- 
ain[15]            1      --              --              --        -- 
bin[0]             1      --              --              --        -- 
bin[1]             1      --              --              --        -- 
bin[2]             1      --              --              --        -- 
bin[3]             1      --              --              --        -- 
bin[4]             1      --              --              --        -- 
bin[5]             1      --              --              --        -- 
bin[6]             1      --              --              --        -- 
bin[7]             1      --              --              --        -- 
bin[8]             1      --              --              --        -- 
bin[9]             1      --              --              --        -- 
bin[10]            1      --              --              --        -- 
bin[11]            1      --              --              --        -- 
bin[12]            1      --              --              --        -- 
bin[13]            1      --              --              --        -- 
bin[14]            1      --              --              --        -- 
bin[15]            1      --              --              --        -- 
cin                1      --              --              --        -- 
clk                1      --              --              --        -- 
cout               1      --              --              --        -- 
sout[0]            1      --              --              --        -- 
sout[1]            1      --              --              --        -- 
sout[2]            1      --              --              --        -- 
sout[3]            1      --              --              --        -- 
sout[4]            1      --              --              --        -- 
sout[5]            1      --              --              --        -- 
sout[6]            1      --              --              --        -- 
sout[7]            1      --              --              --        -- 
sout[8]            1      --              --              --        -- 
sout[9]            1      --              --              --        -- 
sout[10]           1      --              --              --        -- 
sout[11]           1      --              --              --        -- 
sout[12]           1      --              --              --        -- 
sout[13]           1      --              --              --        -- 
sout[14]           1      --              --              --        -- 
sout[15]           1      --              --              --        -- 

                    Input Delay
                  Min             Max       Related   Max
Input Port    Rise    Fall    Rise    Fall   Clock  Fanout
--------------------------------------------------------------------------------
ain[0]        1.35    1.35    1.35    1.35  clk       --    
ain[1]        1.35    1.35    1.35    1.35  clk       --    
ain[2]        1.35    1.35    1.35    1.35  clk       --    
ain[3]        1.35    1.35    1.35    1.35  clk       --    
ain[4]        1.35    1.35    1.35    1.35  clk       --    
ain[5]        1.35    1.35    1.35    1.35  clk       --    
ain[6]        1.35    1.35    1.35    1.35  clk       --    
ain[7]        1.35    1.35    1.35    1.35  clk       --    
ain[8]        1.35    1.35    1.35    1.35  clk       --    
ain[9]        1.35    1.35    1.35    1.35  clk       --    
ain[10]       1.35    1.35    1.35    1.35  clk       --    
ain[11]       1.35    1.35    1.35    1.35  clk       --    
ain[12]       1.35    1.35    1.35    1.35  clk       --    
ain[13]       1.35    1.35    1.35    1.35  clk       --    
ain[14]       1.35    1.35    1.35    1.35  clk       --    
ain[15]       1.35    1.35    1.35    1.35  clk       --    
bin[0]        1.35    1.35    1.35    1.35  clk       --    
bin[1]        1.35    1.35    1.35    1.35  clk       --    
bin[2]        1.35    1.35    1.35    1.35  clk       --    
bin[3]        1.35    1.35    1.35    1.35  clk       --    
bin[4]        1.35    1.35    1.35    1.35  clk       --    
bin[5]        1.35    1.35    1.35    1.35  clk       --    
bin[6]        1.35    1.35    1.35    1.35  clk       --    
bin[7]        1.35    1.35    1.35    1.35  clk       --    
bin[8]        1.35    1.35    1.35    1.35  clk       --    
bin[9]        1.35    1.35    1.35    1.35  clk       --    
bin[10]       1.35    1.35    1.35    1.35  clk       --    
bin[11]       1.35    1.35    1.35    1.35  clk       --    
bin[12]       1.35    1.35    1.35    1.35  clk       --    
bin[13]       1.35    1.35    1.35    1.35  clk       --    
bin[14]       1.35    1.35    1.35    1.35  clk       --    
bin[15]       1.35    1.35    1.35    1.35  clk       --    
cin           3.50    3.50    3.50    3.50  clk       --    
clk           1.20    1.20    1.20    1.20  clk       --    


                    Driving Cell
Input Port   Rise(min/max)      Fall(min/max)      Mult(min/max)  Attrs(min/max)
--------------------------------------------------------------------------------
ain[0]       FD1                FD1                  -- /  --     
ain[1]       FD1                FD1                  -- /  --     
ain[2]       FD1                FD1                  -- /  --     
ain[3]       FD1                FD1                  -- /  --     
ain[4]       FD1                FD1                  -- /  --     
ain[5]       FD1                FD1                  -- /  --     
ain[6]       FD1                FD1                  -- /  --     
ain[7]       FD1                FD1                  -- /  --     
ain[8]       FD1                FD1                  -- /  --     
ain[9]       FD1                FD1                  -- /  --     
ain[10]      FD1                FD1                  -- /  --     
ain[11]      FD1                FD1                  -- /  --     
ain[12]      FD1                FD1                  -- /  --     
ain[13]      FD1                FD1                  -- /  --     
ain[14]      FD1                FD1                  -- /  --     
ain[15]      FD1                FD1                  -- /  --     
bin[0]       FD1                FD1                  -- /  --     
bin[1]       FD1                FD1                  -- /  --     
bin[2]       FD1                FD1                  -- /  --     
bin[3]       FD1                FD1                  -- /  --     
bin[4]       FD1                FD1                  -- /  --     
bin[5]       FD1                FD1                  -- /  --     
bin[6]       FD1                FD1                  -- /  --     
bin[7]       FD1                FD1                  -- /  --     
bin[8]       FD1                FD1                  -- /  --     
bin[9]       FD1                FD1                  -- /  --     
bin[10]      FD1                FD1                  -- /  --     
bin[11]      FD1                FD1                  -- /  --     
bin[12]      FD1                FD1                  -- /  --     
bin[13]      FD1                FD1                  -- /  --     
bin[14]      FD1                FD1                  -- /  --     
bin[15]      FD1                FD1                  -- /  --     
cin          FD1                FD1                  -- /  --     
clk          FD1/  --           FD1/  --             -- /  --     


               Max Drive      Min Drive      Resistance    Min    Min       Cell
Input Port    Rise    Fall   Rise    Fall   Max     Min    Cap    Fanout    Deg
--------------------------------------------------------------------------------
ain[0]        --      --     --      --     --      --     --     --        -- 
ain[1]        --      --     --      --     --      --     --     --        -- 
ain[2]        --      --     --      --     --      --     --     --        -- 
ain[3]        --      --     --      --     --      --     --     --        -- 
ain[4]        --      --     --      --     --      --     --     --        -- 
ain[5]        --      --     --      --     --      --     --     --        -- 
ain[6]        --      --     --      --     --      --     --     --        -- 
ain[7]        --      --     --      --     --      --     --     --        -- 
ain[8]        --      --     --      --     --      --     --     --        -- 
ain[9]        --      --     --      --     --      --     --     --        -- 
ain[10]       --      --     --      --     --      --     --     --        -- 
ain[11]       --      --     --      --     --      --     --     --        -- 
ain[12]       --      --     --      --     --      --     --     --        -- 
ain[13]       --      --     --      --     --      --     --     --        -- 
ain[14]       --      --     --      --     --      --     --     --        -- 
ain[15]       --      --     --      --     --      --     --     --        -- 
bin[0]        --      --     --      --     --      --     --     --        -- 
bin[1]        --      --     --      --     --      --     --     --        -- 
bin[2]        --      --     --      --     --      --     --     --        -- 
bin[3]        --      --     --      --     --      --     --     --        -- 
bin[4]        --      --     --      --     --      --     --     --        -- 
bin[5]        --      --     --      --     --      --     --     --        -- 
bin[6]        --      --     --      --     --      --     --     --        -- 
bin[7]        --      --     --      --     --      --     --     --        -- 
bin[8]        --      --     --      --     --      --     --     --        -- 
bin[9]        --      --     --      --     --      --     --     --        -- 
bin[10]       --      --     --      --     --      --     --     --        -- 
bin[11]       --      --     --      --     --      --     --     --        -- 
bin[12]       --      --     --      --     --      --     --     --        -- 
bin[13]       --      --     --      --     --      --     --     --        -- 
bin[14]       --      --     --      --     --      --     --     --        -- 
bin[15]       --      --     --      --     --      --     --     --        -- 
cin           --      --     --      --     --      --     --     --        -- 
clk           --      --     --      --     --      --     --     --        -- 


               Max Tran        Min Tran
Input Port    Rise    Fall    Rise    Fall
--------------------------------------------------------------------------------
ain[0]        --      --      --      -- 
ain[1]        --      --      --      -- 
ain[2]        --      --      --      -- 
ain[3]        --      --      --      -- 
ain[4]        --      --      --      -- 
ain[5]        --      --      --      -- 
ain[6]        --      --      --      -- 
ain[7]        --      --      --      -- 
ain[8]        --      --      --      -- 
ain[9]        --      --      --      -- 
ain[10]       --      --      --      -- 
ain[11]       --      --      --      -- 
ain[12]       --      --      --      -- 
ain[13]       --      --      --      -- 
ain[14]       --      --      --      -- 
ain[15]       --      --      --      -- 
bin[0]        --      --      --      -- 
bin[1]        --      --      --      -- 
bin[2]        --      --      --      -- 
bin[3]        --      --      --      -- 
bin[4]        --      --      --      -- 
bin[5]        --      --      --      -- 
bin[6]        --      --      --      -- 
bin[7]        --      --      --      -- 
bin[8]        --      --      --      -- 
bin[9]        --      --      --      -- 
bin[10]       --      --      --      -- 
bin[11]       --      --      --      -- 
bin[12]       --      --      --      -- 
bin[13]       --      --      --      -- 
bin[14]       --      --      --      -- 
bin[15]       --      --      --      -- 
cin           --      --      --      -- 
clk           --      --      --      -- 


                    Output Delay
                  Min             Max      Related  Fanout
Output Port   Rise    Fall    Rise    Fall  Clock     Load
--------------------------------------------------------------------------------
cout          1.50    1.50    1.50    1.50  clk       0.00  
sout[0]       1.50    1.50    1.50    1.50  clk       0.00  
sout[1]       1.50    1.50    1.50    1.50  clk       0.00  
sout[2]       1.50    1.50    1.50    1.50  clk       0.00  
sout[3]       1.50    1.50    1.50    1.50  clk       0.00  
sout[4]       1.50    1.50    1.50    1.50  clk       0.00  
sout[5]       1.50    1.50    1.50    1.50  clk       0.00  
sout[6]       1.50    1.50    1.50    1.50  clk       0.00  
sout[7]       1.50    1.50    1.50    1.50  clk       0.00  
sout[8]       1.50    1.50    1.50    1.50  clk       0.00  
sout[9]       1.50    1.50    1.50    1.50  clk       0.00  
sout[10]      1.50    1.50    1.50    1.50  clk       0.00  
sout[11]      1.50    1.50    1.50    1.50  clk       0.00  
sout[12]      1.50    1.50    1.50    1.50  clk       0.00  
sout[13]      1.50    1.50    1.50    1.50  clk       0.00  
sout[14]      1.50    1.50    1.50    1.50  clk       0.00  
sout[15]      1.50    1.50    1.50    1.50  clk       0.00  

1
 
****************************************
Report : net
Design : Adder16
Version: K-2015.06
Date   : Wed Sep 16 15:14:45 2020
****************************************


Operating Conditions: WCCOM   Library: lsi_10k
Wire Load Model Mode: top


Attributes:
   dr - drc disabled

Net                 Fanout     Fanin      Load   Resistance    Pins   Attributes
--------------------------------------------------------------------------------
ain[0]                   1         1      1.00         0.00       2   
ain[1]                   1         1      1.00         0.00       2   
ain[2]                   1         1      1.00         0.00       2   
ain[3]                   1         1      1.00         0.00       2   
ain[4]                   1         1      1.00         0.00       2   
ain[5]                   1         1      1.00         0.00       2   
ain[6]                   1         1      1.00         0.00       2   
ain[7]                   1         1      1.00         0.00       2   
ain[8]                   1         1      1.00         0.00       2   
ain[9]                   1         1      1.00         0.00       2   
ain[10]                  1         1      1.00         0.00       2   
ain[11]                  1         1      1.00         0.00       2   
ain[12]                  1         1      1.00         0.00       2   
ain[13]                  1         1      1.00         0.00       2   
ain[14]                  1         1      1.00         0.00       2   
ain[15]                  1         1      1.00         0.00       2   
ain_tmp[0]               4         1      4.00         0.00       5   
ain_tmp[1]               4         1      4.00         0.00       5   
ain_tmp[2]               3         1      3.00         0.00       4   
ain_tmp[3]               3         1      3.00         0.00       4   
ain_tmp[4]               3         1      3.00         0.00       4   
ain_tmp[5]               3         1      3.00         0.00       4   
ain_tmp[6]               2         1      3.00         0.00       3   
ain_tmp[7]               2         1      3.00         0.00       3   
ain_tmp[8]               2         1      3.00         0.00       3   
ain_tmp[9]               3         1      3.00         0.00       4   
ain_tmp[10]              2         1      3.00         0.00       3   
ain_tmp[11]              2         1      2.00         0.00       3   
ain_tmp[12]              2         1      3.00         0.00       3   
ain_tmp[13]              2         1      3.00         0.00       3   
ain_tmp[14]              2         1      3.00         0.00       3   
ain_tmp[15]              2         1      3.00         0.00       3   
bin[0]                   1         1      1.00         0.00       2   
bin[1]                   1         1      1.00         0.00       2   
bin[2]                   1         1      1.00         0.00       2   
bin[3]                   1         1      1.00         0.00       2   
bin[4]                   1         1      1.00         0.00       2   
bin[5]                   1         1      1.00         0.00       2   
bin[6]                   1         1      1.00         0.00       2   
bin[7]                   1         1      1.00         0.00       2   
bin[8]                   1         1      1.00         0.00       2   
bin[9]                   1         1      1.00         0.00       2   
bin[10]                  1         1      1.00         0.00       2   
bin[11]                  1         1      1.00         0.00       2   
bin[12]                  1         1      1.00         0.00       2   
bin[13]                  1         1      1.00         0.00       2   
bin[14]                  1         1      1.00         0.00       2   
bin[15]                  1         1      1.00         0.00       2   
bin_tmp[0]               4         1      4.00         0.00       5   
bin_tmp[1]               4         1      4.00         0.00       5   
bin_tmp[2]               3         1      3.00         0.00       4   
bin_tmp[3]               3         1      3.00         0.00       4   
bin_tmp[4]               3         1      3.00         0.00       4   
bin_tmp[5]               3         1      3.00         0.00       4   
bin_tmp[6]               2         1      3.00         0.00       3   
bin_tmp[7]               2         1      3.00         0.00       3   
bin_tmp[8]               2         1      3.00         0.00       3   
bin_tmp[9]               3         1      3.00         0.00       4   
bin_tmp[10]              2         1      3.00         0.00       3   
bin_tmp[11]              2         1      2.00         0.00       3   
bin_tmp[12]              2         1      3.00         0.00       3   
bin_tmp[13]              2         1      3.00         0.00       3   
bin_tmp[14]              2         1      3.00         0.00       3   
bin_tmp[15]              2         1      3.00         0.00       3   
cin                      1         1      1.00         0.00       2   
cin_tmp                  2         1      4.00         0.00       3   
clk                     50         1     50.00         0.00      51   dr
cout                     1         1      1.50         0.00       2   
cout_tmp                 1         1      1.00         0.00       2   
n1                       0         1      0.00         0.00       1   dr
sout[0]                  1         1      2.20         0.00       2   
sout[1]                  1         1      2.20         0.00       2   
sout[2]                  1         1      2.20         0.00       2   
sout[3]                  1         1      2.20         0.00       2   
sout[4]                  1         1      2.20         0.00       2   
sout[5]                  1         1      2.20         0.00       2   
sout[6]                  1         1      2.20         0.00       2   
sout[7]                  1         1      2.20         0.00       2   
sout[8]                  1         1      2.20         0.00       2   
sout[9]                  1         1      2.20         0.00       2   
sout[10]                 1         1      2.20         0.00       2   
sout[11]                 1         1      2.20         0.00       2   
sout[12]                 1         1      2.20         0.00       2   
sout[13]                 1         1      2.20         0.00       2   
sout[14]                 1         1      2.20         0.00       2   
sout[15]                 1         1      2.20         0.00       2   
sout_tmp[0]              1         1      1.00         0.00       2   
sout_tmp[1]              1         1      1.00         0.00       2   
sout_tmp[2]              1         1      1.00         0.00       2   
sout_tmp[3]              1         1      1.00         0.00       2   
sout_tmp[4]              1         1      1.00         0.00       2   
sout_tmp[5]              1         1      1.00         0.00       2   
sout_tmp[6]              1         1      1.00         0.00       2   
sout_tmp[7]              1         1      1.00         0.00       2   
sout_tmp[8]              1         1      1.00         0.00       2   
sout_tmp[9]              1         1      1.00         0.00       2   
sout_tmp[10]             1         1      1.00         0.00       2   
sout_tmp[11]             1         1      1.00         0.00       2   
sout_tmp[12]             1         1      1.00         0.00       2   
sout_tmp[13]             1         1      1.00         0.00       2   
sout_tmp[14]             1         1      1.00         0.00       2   
sout_tmp[15]             1         1      1.00         0.00       2   
--------------------------------------------------------------------------------
Total 102 nets         201       102    238.70         0.00     303
Maximum                 50         1     50.00         0.00      51
Average               1.97      1.00      2.34         0.00    2.97
1
 
****************************************
Report : compile_options
Design : Adder16
Version: K-2015.06
Date   : Wed Sep 16 15:14:45 2020
****************************************

Design                                   Compile Option         Value
--------------------------------------------------------------------------------
Adder16                                  flatten                false
                                         structure              true
                                         structure_boolean      false
                                         structure_timing       true
                                         isolate_port           disabled

Adder16_DW01_add_1                       flatten                false
                                         structure              true
                                         structure_boolean      false
                                         structure_timing       true
--------------------------------------------------------------------------------
1
 
****************************************
Report : constraint
        -all_violators
        -verbose
Design : Adder16
Version: K-2015.06
Date   : Wed Sep 16 15:14:45 2020
****************************************


    Design: Adder16

    max_area               0.00
  - Current Area         630.00
  ------------------------------
    Slack               -630.00  (VIOLATED)


1
 
****************************************
Report : timing
        -path end
        -delay max
Design : Adder16
Version: K-2015.06
Date   : Wed Sep 16 15:14:45 2020
****************************************

Operating Conditions: WCCOM   Library: lsi_10k
Wire Load Model Mode: top

Endpoint                         Path Delay     Path Required     Slack
------------------------------------------------------------------------
sout_reg[14]/D (FD1)               17.83 f           18.75         0.92
sout_reg[15]/D (FD1)               17.83 f           18.75         0.92
sout_reg[9]/D (FD1)                17.04 f           18.75         1.71
sout_reg[12]/D (FD1)               17.04 f           18.75         1.71
sout_reg[11]/D (FD1)               16.50 f           18.75         2.25
sout_reg[7]/D (FD1)                16.12 f           18.75         2.63
sout_reg[13]/D (FD1)               15.69 f           18.75         3.06
sout_reg[5]/D (FD1)                15.58 f           18.75         3.17
sout_reg[6]/D (FD1)                15.58 f           18.75         3.17
cout_reg/D (FD1)                   15.52 r           18.75         3.23
sout_reg[8]/D (FD1)                15.45 f           18.75         3.30
sout_reg[10]/D (FD1)               14.99 f           18.75         3.76
sout_reg[4]/D (FD1)                13.99 f           18.75         4.76
sout_reg[3]/D (FD1)                12.66 f           18.75         6.09
sout_reg[2]/D (FD1)                11.07 f           18.75         7.68
sout_reg[1]/D (FD1)                 9.22 f           18.75         9.53
sout_reg[0]/D (FD1)                 8.09 f           18.75        10.66
cin_tmp_reg/D (FD1)                 3.77 r           18.75        14.98
sout[15] (out)                      2.77 f           18.05        15.28
sout[14] (out)                      2.77 f           18.05        15.28
sout[13] (out)                      2.77 f           18.05        15.28
sout[12] (out)                      2.77 f           18.05        15.28
sout[11] (out)                      2.77 f           18.05        15.28
sout[10] (out)                      2.77 f           18.05        15.28
sout[9] (out)                       2.77 f           18.05        15.28
sout[8] (out)                       2.77 f           18.05        15.28
sout[7] (out)                       2.77 f           18.05        15.28
sout[6] (out)                       2.77 f           18.05        15.28
sout[5] (out)                       2.77 f           18.05        15.28
sout[4] (out)                       2.77 f           18.05        15.28
sout[3] (out)                       2.77 f           18.05        15.28
sout[2] (out)                       2.77 f           18.05        15.28
sout[1] (out)                       2.77 f           18.05        15.28
sout[0] (out)                       2.77 f           18.05        15.28
cout (out)                          2.70 f           18.05        15.35
ain_tmp_reg[15]/D (FD1)             1.62 r           18.75        17.13
bin_tmp_reg[15]/D (FD1)             1.62 r           18.75        17.13
ain_tmp_reg[14]/D (FD1)             1.62 r           18.75        17.13
bin_tmp_reg[14]/D (FD1)             1.62 r           18.75        17.13
ain_tmp_reg[13]/D (FD1)             1.62 r           18.75        17.13
bin_tmp_reg[13]/D (FD1)             1.62 r           18.75        17.13
ain_tmp_reg[5]/D (FD1)              1.62 r           18.75        17.13
ain_tmp_reg[4]/D (FD1)              1.62 r           18.75        17.13
bin_tmp_reg[5]/D (FD1)              1.62 r           18.75        17.13
bin_tmp_reg[4]/D (FD1)              1.62 r           18.75        17.13
ain_tmp_reg[3]/D (FD1)              1.62 r           18.75        17.13
ain_tmp_reg[2]/D (FD1)              1.62 r           18.75        17.13
bin_tmp_reg[3]/D (FD1)              1.62 r           18.75        17.13
bin_tmp_reg[2]/D (FD1)              1.62 r           18.75        17.13
ain_tmp_reg[7]/D (FD1)              1.62 r           18.75        17.13
ain_tmp_reg[6]/D (FD1)              1.62 r           18.75        17.13
bin_tmp_reg[7]/D (FD1)              1.62 r           18.75        17.13
bin_tmp_reg[6]/D (FD1)              1.62 r           18.75        17.13
ain_tmp_reg[9]/D (FD1)              1.62 r           18.75        17.13
bin_tmp_reg[9]/D (FD1)              1.62 r           18.75        17.13
ain_tmp_reg[12]/D (FD1)             1.62 r           18.75        17.13
ain_tmp_reg[10]/D (FD1)             1.62 r           18.75        17.13
ain_tmp_reg[8]/D (FD1)              1.62 r           18.75        17.13
bin_tmp_reg[12]/D (FD1)             1.62 r           18.75        17.13
bin_tmp_reg[10]/D (FD1)             1.62 r           18.75        17.13
bin_tmp_reg[8]/D (FD1)              1.62 r           18.75        17.13
ain_tmp_reg[0]/D (FD1)              1.62 r           18.75        17.13
bin_tmp_reg[0]/D (FD1)              1.62 r           18.75        17.13
ain_tmp_reg[11]/D (FD1)             1.62 r           18.75        17.13
bin_tmp_reg[11]/D (FD1)             1.62 r           18.75        17.13
ain_tmp_reg[1]/D (FD1)              1.62 r           18.75        17.13
bin_tmp_reg[1]/D (FD1)              1.62 r           18.75        17.13

1
 
****************************************
Report : timing
        -path full
        -delay max
        -max_paths 15
Design : Adder16
Version: K-2015.06
Date   : Wed Sep 16 15:14:45 2020
****************************************

Operating Conditions: WCCOM   Library: lsi_10k
Wire Load Model Mode: top

  Startpoint: bin_tmp_reg[11]
              (rising edge-triggered flip-flop clocked by clk)
  Endpoint: sout_reg[14]
            (rising edge-triggered flip-flop clocked by clk)
  Path Group: clk
  Path Type: max

  Point                                                   Incr       Path
  --------------------------------------------------------------------------
  clock clk (rise edge)                                   0.00       0.00
  clock network delay (ideal)                             0.00       0.00
  bin_tmp_reg[11]/CP (FD1)                                0.00       0.00 r
  bin_tmp_reg[11]/Q (FD1)                                 2.57       2.57 r
  add_1_root_add_20_2/B[11] (Adder16_DW01_add_1)          0.00       2.57 r
  add_1_root_add_20_2/U102/Z (IV)                         0.39       2.96 f
  add_1_root_add_20_2/U101/Z (ND2)                        2.47       5.44 r
  add_1_root_add_20_2/U44/Z (ND3)                         0.90       6.34 f
  add_1_root_add_20_2/U42/Z (NR2)                         2.47       8.81 r
  add_1_root_add_20_2/U50/Z (ND3)                         0.90       9.71 f
  add_1_root_add_20_2/U13/Z (AN3)                         1.69      11.41 f
  add_1_root_add_20_2/U11/Z (AO3)                         2.19      13.59 r
  add_1_root_add_20_2/U172/Z (IVA)                        0.69      14.28 f
  add_1_root_add_20_2/U28/Z (AO7)                         1.46      15.73 r
  add_1_root_add_20_2/U27/Z (EO)                          2.10      17.83 f
  add_1_root_add_20_2/SUM[14] (Adder16_DW01_add_1)        0.00      17.83 f
  sout_reg[14]/D (FD1)                                    0.00      17.83 f
  data arrival time                                                 17.83

  clock clk (rise edge)                                  20.00      20.00
  clock network delay (ideal)                             0.00      20.00
  clock uncertainty                                      -0.45      19.55
  sout_reg[14]/CP (FD1)                                   0.00      19.55 r
  library setup time                                     -0.80      18.75
  data required time                                                18.75
  --------------------------------------------------------------------------
  data required time                                                18.75
  data arrival time                                                -17.83
  --------------------------------------------------------------------------
  slack (MET)                                                        0.92


  Startpoint: bin_tmp_reg[11]
              (rising edge-triggered flip-flop clocked by clk)
  Endpoint: sout_reg[15]
            (rising edge-triggered flip-flop clocked by clk)
  Path Group: clk
  Path Type: max

  Point                                                   Incr       Path
  --------------------------------------------------------------------------
  clock clk (rise edge)                                   0.00       0.00
  clock network delay (ideal)                             0.00       0.00
  bin_tmp_reg[11]/CP (FD1)                                0.00       0.00 r
  bin_tmp_reg[11]/Q (FD1)                                 2.57       2.57 r
  add_1_root_add_20_2/B[11] (Adder16_DW01_add_1)          0.00       2.57 r
  add_1_root_add_20_2/U102/Z (IV)                         0.39       2.96 f
  add_1_root_add_20_2/U101/Z (ND2)                        2.47       5.44 r
  add_1_root_add_20_2/U44/Z (ND3)                         0.90       6.34 f
  add_1_root_add_20_2/U42/Z (NR2)                         2.47       8.81 r
  add_1_root_add_20_2/U50/Z (ND3)                         0.90       9.71 f
  add_1_root_add_20_2/U13/Z (AN3)                         1.69      11.41 f
  add_1_root_add_20_2/U11/Z (AO3)                         2.19      13.59 r
  add_1_root_add_20_2/U172/Z (IVA)                        0.69      14.28 f
  add_1_root_add_20_2/U25/Z (AO7)                         1.46      15.73 r
  add_1_root_add_20_2/U24/Z (EO)                          2.10      17.83 f
  add_1_root_add_20_2/SUM[15] (Adder16_DW01_add_1)        0.00      17.83 f
  sout_reg[15]/D (FD1)                                    0.00      17.83 f
  data arrival time                                                 17.83

  clock clk (rise edge)                                  20.00      20.00
  clock network delay (ideal)                             0.00      20.00
  clock uncertainty                                      -0.45      19.55
  sout_reg[15]/CP (FD1)                                   0.00      19.55 r
  library setup time                                     -0.80      18.75
  data required time                                                18.75
  --------------------------------------------------------------------------
  data required time                                                18.75
  data arrival time                                                -17.83
  --------------------------------------------------------------------------
  slack (MET)                                                        0.92


  Startpoint: ain_tmp_reg[1]
              (rising edge-triggered flip-flop clocked by clk)
  Endpoint: sout_reg[9]
            (rising edge-triggered flip-flop clocked by clk)
  Path Group: clk
  Path Type: max

  Point                                                   Incr       Path
  --------------------------------------------------------------------------
  clock clk (rise edge)                                   0.00       0.00
  clock network delay (ideal)                             0.00       0.00
  ain_tmp_reg[1]/CP (FD1)                                 0.00       0.00 r
  ain_tmp_reg[1]/Q (FD1)                                  3.12       3.12 r
  add_1_root_add_20_2/A[1] (Adder16_DW01_add_1)           0.00       3.12 r
  add_1_root_add_20_2/U187/Z (OR2)                        2.46       5.57 r
  add_1_root_add_20_2/U186/Z (IVA)                        0.69       6.26 f
  add_1_root_add_20_2/U10/Z (NR3)                         2.23       8.49 r
  add_1_root_add_20_2/U8/Z (ND2)                          0.88       9.37 f
  add_1_root_add_20_2/U19/Z (ND2)                         1.19      10.56 r
  add_1_root_add_20_2/U16/Z (AO7)                         0.84      11.40 f
  add_1_root_add_20_2/U15/Z (ND2)                         1.96      13.36 r
  add_1_root_add_20_2/U23/Z (ND2)                         0.40      13.76 f
  add_1_root_add_20_2/U22/Z (ND2)                         1.19      14.95 r
  add_1_root_add_20_2/U20/Z (EN)                          2.10      17.04 f
  add_1_root_add_20_2/SUM[9] (Adder16_DW01_add_1)         0.00      17.04 f
  sout_reg[9]/D (FD1)                                     0.00      17.04 f
  data arrival time                                                 17.04

  clock clk (rise edge)                                  20.00      20.00
  clock network delay (ideal)                             0.00      20.00
  clock uncertainty                                      -0.45      19.55
  sout_reg[9]/CP (FD1)                                    0.00      19.55 r
  library setup time                                     -0.80      18.75
  data required time                                                18.75
  --------------------------------------------------------------------------
  data required time                                                18.75
  data arrival time                                                -17.04
  --------------------------------------------------------------------------
  slack (MET)                                                        1.71


  Startpoint: ain_tmp_reg[1]
              (rising edge-triggered flip-flop clocked by clk)
  Endpoint: sout_reg[12]
            (rising edge-triggered flip-flop clocked by clk)
  Path Group: clk
  Path Type: max

  Point                                                   Incr       Path
  --------------------------------------------------------------------------
  clock clk (rise edge)                                   0.00       0.00
  clock network delay (ideal)                             0.00       0.00
  ain_tmp_reg[1]/CP (FD1)                                 0.00       0.00 r
  ain_tmp_reg[1]/Q (FD1)                                  3.12       3.12 r
  add_1_root_add_20_2/A[1] (Adder16_DW01_add_1)           0.00       3.12 r
  add_1_root_add_20_2/U187/Z (OR2)                        2.46       5.57 r
  add_1_root_add_20_2/U186/Z (IVA)                        0.69       6.26 f
  add_1_root_add_20_2/U10/Z (NR3)                         2.23       8.49 r
  add_1_root_add_20_2/U8/Z (ND2)                          0.88       9.37 f
  add_1_root_add_20_2/U19/Z (ND2)                         1.19      10.56 r
  add_1_root_add_20_2/U16/Z (AO7)                         0.84      11.40 f
  add_1_root_add_20_2/U15/Z (ND2)                         1.96      13.36 r
  add_1_root_add_20_2/U4/Z (ND2)                          0.40      13.76 f
  add_1_root_add_20_2/U30/Z (ND2)                         1.19      14.95 r
  add_1_root_add_20_2/U29/Z (EO)                          2.10      17.04 f
  add_1_root_add_20_2/SUM[12] (Adder16_DW01_add_1)        0.00      17.04 f
  sout_reg[12]/D (FD1)                                    0.00      17.04 f
  data arrival time                                                 17.04

  clock clk (rise edge)                                  20.00      20.00
  clock network delay (ideal)                             0.00      20.00
  clock uncertainty                                      -0.45      19.55
  sout_reg[12]/CP (FD1)                                   0.00      19.55 r
  library setup time                                     -0.80      18.75
  data required time                                                18.75
  --------------------------------------------------------------------------
  data required time                                                18.75
  data arrival time                                                -17.04
  --------------------------------------------------------------------------
  slack (MET)                                                        1.71


  Startpoint: ain_tmp_reg[1]
              (rising edge-triggered flip-flop clocked by clk)
  Endpoint: sout_reg[11]
            (rising edge-triggered flip-flop clocked by clk)
  Path Group: clk
  Path Type: max

  Point                                                   Incr       Path
  --------------------------------------------------------------------------
  clock clk (rise edge)                                   0.00       0.00
  clock network delay (ideal)                             0.00       0.00
  ain_tmp_reg[1]/CP (FD1)                                 0.00       0.00 r
  ain_tmp_reg[1]/Q (FD1)                                  3.12       3.12 r
  add_1_root_add_20_2/A[1] (Adder16_DW01_add_1)           0.00       3.12 r
  add_1_root_add_20_2/U187/Z (OR2)                        2.46       5.57 r
  add_1_root_add_20_2/U186/Z (IVA)                        0.69       6.26 f
  add_1_root_add_20_2/U10/Z (NR3)                         2.23       8.49 r
  add_1_root_add_20_2/U8/Z (ND2)                          0.88       9.37 f
  add_1_root_add_20_2/U36/Z (ND2)                         1.19      10.56 r
  add_1_root_add_20_2/U34/Z (AO3)                         1.15      11.71 f
  add_1_root_add_20_2/U37/Z (AO6)                         2.01      13.72 r
  add_1_root_add_20_2/U41/Z (NR2)                         0.69      14.41 f
  add_1_root_add_20_2/U39/Z (EO)                          2.10      16.50 f
  add_1_root_add_20_2/SUM[11] (Adder16_DW01_add_1)        0.00      16.50 f
  sout_reg[11]/D (FD1)                                    0.00      16.50 f
  data arrival time                                                 16.50

  clock clk (rise edge)                                  20.00      20.00
  clock network delay (ideal)                             0.00      20.00
  clock uncertainty                                      -0.45      19.55
  sout_reg[11]/CP (FD1)                                   0.00      19.55 r
  library setup time                                     -0.80      18.75
  data required time                                                18.75
  --------------------------------------------------------------------------
  data required time                                                18.75
  data arrival time                                                -16.50
  --------------------------------------------------------------------------
  slack (MET)                                                        2.25


  Startpoint: ain_tmp_reg[1]
              (rising edge-triggered flip-flop clocked by clk)
  Endpoint: sout_reg[7]
            (rising edge-triggered flip-flop clocked by clk)
  Path Group: clk
  Path Type: max

  Point                                                   Incr       Path
  --------------------------------------------------------------------------
  clock clk (rise edge)                                   0.00       0.00
  clock network delay (ideal)                             0.00       0.00
  ain_tmp_reg[1]/CP (FD1)                                 0.00       0.00 r
  ain_tmp_reg[1]/Q (FD1)                                  3.12       3.12 r
  add_1_root_add_20_2/A[1] (Adder16_DW01_add_1)           0.00       3.12 r
  add_1_root_add_20_2/U187/Z (OR2)                        2.46       5.57 r
  add_1_root_add_20_2/U186/Z (IVA)                        0.69       6.26 f
  add_1_root_add_20_2/U10/Z (NR3)                         2.23       8.49 r
  add_1_root_add_20_2/U8/Z (ND2)                          0.88       9.37 f
  add_1_root_add_20_2/U32/Z (ND4)                         2.53      11.89 r
  add_1_root_add_20_2/U47/Z (AO3)                         0.94      12.83 f
  add_1_root_add_20_2/U46/Z (ND2)                         1.19      14.02 r
  add_1_root_add_20_2/U45/Z (EO)                          2.10      16.12 f
  add_1_root_add_20_2/SUM[7] (Adder16_DW01_add_1)         0.00      16.12 f
  sout_reg[7]/D (FD1)                                     0.00      16.12 f
  data arrival time                                                 16.12

  clock clk (rise edge)                                  20.00      20.00
  clock network delay (ideal)                             0.00      20.00
  clock uncertainty                                      -0.45      19.55
  sout_reg[7]/CP (FD1)                                    0.00      19.55 r
  library setup time                                     -0.80      18.75
  data required time                                                18.75
  --------------------------------------------------------------------------
  data required time                                                18.75
  data arrival time                                                -16.12
  --------------------------------------------------------------------------
  slack (MET)                                                        2.63


  Startpoint: bin_tmp_reg[11]
              (rising edge-triggered flip-flop clocked by clk)
  Endpoint: sout_reg[13]
            (rising edge-triggered flip-flop clocked by clk)
  Path Group: clk
  Path Type: max

  Point                                                   Incr       Path
  --------------------------------------------------------------------------
  clock clk (rise edge)                                   0.00       0.00
  clock network delay (ideal)                             0.00       0.00
  bin_tmp_reg[11]/CP (FD1)                                0.00       0.00 r
  bin_tmp_reg[11]/Q (FD1)                                 2.57       2.57 r
  add_1_root_add_20_2/B[11] (Adder16_DW01_add_1)          0.00       2.57 r
  add_1_root_add_20_2/U102/Z (IV)                         0.39       2.96 f
  add_1_root_add_20_2/U101/Z (ND2)                        2.47       5.44 r
  add_1_root_add_20_2/U44/Z (ND3)                         0.90       6.34 f
  add_1_root_add_20_2/U42/Z (NR2)                         2.47       8.81 r
  add_1_root_add_20_2/U50/Z (ND3)                         0.90       9.71 f
  add_1_root_add_20_2/U13/Z (AN3)                         1.69      11.41 f
  add_1_root_add_20_2/U11/Z (AO3)                         2.19      13.59 r
  add_1_root_add_20_2/U54/Z (EN)                          2.10      15.69 f
  add_1_root_add_20_2/SUM[13] (Adder16_DW01_add_1)        0.00      15.69 f
  sout_reg[13]/D (FD1)                                    0.00      15.69 f
  data arrival time                                                 15.69

  clock clk (rise edge)                                  20.00      20.00
  clock network delay (ideal)                             0.00      20.00
  clock uncertainty                                      -0.45      19.55
  sout_reg[13]/CP (FD1)                                   0.00      19.55 r
  library setup time                                     -0.80      18.75
  data required time                                                18.75
  --------------------------------------------------------------------------
  data required time                                                18.75
  data arrival time                                                -15.69
  --------------------------------------------------------------------------
  slack (MET)                                                        3.06


  Startpoint: ain_tmp_reg[1]
              (rising edge-triggered flip-flop clocked by clk)
  Endpoint: sout_reg[5]
            (rising edge-triggered flip-flop clocked by clk)
  Path Group: clk
  Path Type: max

  Point                                                   Incr       Path
  --------------------------------------------------------------------------
  clock clk (rise edge)                                   0.00       0.00
  clock network delay (ideal)                             0.00       0.00
  ain_tmp_reg[1]/CP (FD1)                                 0.00       0.00 r
  ain_tmp_reg[1]/Q (FD1)                                  3.12       3.12 r
  add_1_root_add_20_2/A[1] (Adder16_DW01_add_1)           0.00       3.12 r
  add_1_root_add_20_2/U187/Z (OR2)                        2.46       5.57 r
  add_1_root_add_20_2/U186/Z (IVA)                        0.69       6.26 f
  add_1_root_add_20_2/U10/Z (NR3)                         2.23       8.49 r
  add_1_root_add_20_2/U8/Z (ND2)                          0.88       9.37 f
  add_1_root_add_20_2/U32/Z (ND4)                         2.53      11.89 r
  add_1_root_add_20_2/U64/Z (ND2)                         0.40      12.29 f
  add_1_root_add_20_2/U63/Z (ND2)                         1.19      13.48 r
  add_1_root_add_20_2/U61/Z (EN)                          2.10      15.58 f
  add_1_root_add_20_2/SUM[5] (Adder16_DW01_add_1)         0.00      15.58 f
  sout_reg[5]/D (FD1)                                     0.00      15.58 f
  data arrival time                                                 15.58

  clock clk (rise edge)                                  20.00      20.00
  clock network delay (ideal)                             0.00      20.00
  clock uncertainty                                      -0.45      19.55
  sout_reg[5]/CP (FD1)                                    0.00      19.55 r
  library setup time                                     -0.80      18.75
  data required time                                                18.75
  --------------------------------------------------------------------------
  data required time                                                18.75
  data arrival time                                                -15.58
  --------------------------------------------------------------------------
  slack (MET)                                                        3.17


  Startpoint: ain_tmp_reg[1]
              (rising edge-triggered flip-flop clocked by clk)
  Endpoint: sout_reg[6]
            (rising edge-triggered flip-flop clocked by clk)
  Path Group: clk
  Path Type: max

  Point                                                   Incr       Path
  --------------------------------------------------------------------------
  clock clk (rise edge)                                   0.00       0.00
  clock network delay (ideal)                             0.00       0.00
  ain_tmp_reg[1]/CP (FD1)                                 0.00       0.00 r
  ain_tmp_reg[1]/Q (FD1)                                  3.12       3.12 r
  add_1_root_add_20_2/A[1] (Adder16_DW01_add_1)           0.00       3.12 r
  add_1_root_add_20_2/U187/Z (OR2)                        2.46       5.57 r
  add_1_root_add_20_2/U186/Z (IVA)                        0.69       6.26 f
  add_1_root_add_20_2/U10/Z (NR3)                         2.23       8.49 r
  add_1_root_add_20_2/U8/Z (ND2)                          0.88       9.37 f
  add_1_root_add_20_2/U32/Z (ND4)                         2.53      11.89 r
  add_1_root_add_20_2/U49/Z (ND2)                         0.40      12.29 f
  add_1_root_add_20_2/U158/Z (ND2)                        1.19      13.48 r
  add_1_root_add_20_2/U48/Z (EO)                          2.10      15.58 f
  add_1_root_add_20_2/SUM[6] (Adder16_DW01_add_1)         0.00      15.58 f
  sout_reg[6]/D (FD1)                                     0.00      15.58 f
  data arrival time                                                 15.58

  clock clk (rise edge)                                  20.00      20.00
  clock network delay (ideal)                             0.00      20.00
  clock uncertainty                                      -0.45      19.55
  sout_reg[6]/CP (FD1)                                    0.00      19.55 r
  library setup time                                     -0.80      18.75
  data required time                                                18.75
  --------------------------------------------------------------------------
  data required time                                                18.75
  data arrival time                                                -15.58
  --------------------------------------------------------------------------
  slack (MET)                                                        3.17


  Startpoint: ain_tmp_reg[1]
              (rising edge-triggered flip-flop clocked by clk)
  Endpoint: cout_reg (rising edge-triggered flip-flop clocked by clk)
  Path Group: clk
  Path Type: max

  Point                                                   Incr       Path
  --------------------------------------------------------------------------
  clock clk (rise edge)                                   0.00       0.00
  clock network delay (ideal)                             0.00       0.00
  ain_tmp_reg[1]/CP (FD1)                                 0.00       0.00 r
  ain_tmp_reg[1]/Q (FD1)                                  3.12       3.12 r
  add_1_root_add_20_2/A[1] (Adder16_DW01_add_1)           0.00       3.12 r
  add_1_root_add_20_2/U187/Z (OR2)                        2.46       5.57 r
  add_1_root_add_20_2/U186/Z (IVA)                        0.69       6.26 f
  add_1_root_add_20_2/U10/Z (NR3)                         2.23       8.49 r
  add_1_root_add_20_2/U8/Z (ND2)                          0.88       9.37 f
  add_1_root_add_20_2/U19/Z (ND2)                         1.19      10.56 r
  add_1_root_add_20_2/U16/Z (AO7)                         0.84      11.40 f
  add_1_root_add_20_2/U15/Z (ND2)                         1.96      13.36 r
  add_1_root_add_20_2/U53/Z (AO6)                         0.66      14.01 f
  add_1_root_add_20_2/U51/Z (NR2)                         1.51      15.52 r
  add_1_root_add_20_2/SUM[16] (Adder16_DW01_add_1)        0.00      15.52 r
  cout_reg/D (FD1)                                        0.00      15.52 r
  data arrival time                                                 15.52

  clock clk (rise edge)                                  20.00      20.00
  clock network delay (ideal)                             0.00      20.00
  clock uncertainty                                      -0.45      19.55
  cout_reg/CP (FD1)                                       0.00      19.55 r
  library setup time                                     -0.80      18.75
  data required time                                                18.75
  --------------------------------------------------------------------------
  data required time                                                18.75
  data arrival time                                                -15.52
  --------------------------------------------------------------------------
  slack (MET)                                                        3.23


  Startpoint: ain_tmp_reg[1]
              (rising edge-triggered flip-flop clocked by clk)
  Endpoint: sout_reg[8]
            (rising edge-triggered flip-flop clocked by clk)
  Path Group: clk
  Path Type: max

  Point                                                   Incr       Path
  --------------------------------------------------------------------------
  clock clk (rise edge)                                   0.00       0.00
  clock network delay (ideal)                             0.00       0.00
  ain_tmp_reg[1]/CP (FD1)                                 0.00       0.00 r
  ain_tmp_reg[1]/Q (FD1)                                  3.12       3.12 r
  add_1_root_add_20_2/A[1] (Adder16_DW01_add_1)           0.00       3.12 r
  add_1_root_add_20_2/U187/Z (OR2)                        2.46       5.57 r
  add_1_root_add_20_2/U186/Z (IVA)                        0.69       6.26 f
  add_1_root_add_20_2/U10/Z (NR3)                         2.23       8.49 r
  add_1_root_add_20_2/U8/Z (ND2)                          0.88       9.37 f
  add_1_root_add_20_2/U19/Z (ND2)                         1.19      10.56 r
  add_1_root_add_20_2/U16/Z (AO7)                         0.84      11.40 f
  add_1_root_add_20_2/U15/Z (ND2)                         1.96      13.36 r
  add_1_root_add_20_2/U59/Z (EN)                          2.10      15.45 f
  add_1_root_add_20_2/SUM[8] (Adder16_DW01_add_1)         0.00      15.45 f
  sout_reg[8]/D (FD1)                                     0.00      15.45 f
  data arrival time                                                 15.45

  clock clk (rise edge)                                  20.00      20.00
  clock network delay (ideal)                             0.00      20.00
  clock uncertainty                                      -0.45      19.55
  sout_reg[8]/CP (FD1)                                    0.00      19.55 r
  library setup time                                     -0.80      18.75
  data required time                                                18.75
  --------------------------------------------------------------------------
  data required time                                                18.75
  data arrival time                                                -15.45
  --------------------------------------------------------------------------
  slack (MET)                                                        3.30


  Startpoint: ain_tmp_reg[1]
              (rising edge-triggered flip-flop clocked by clk)
  Endpoint: sout_reg[10]
            (rising edge-triggered flip-flop clocked by clk)
  Path Group: clk
  Path Type: max

  Point                                                   Incr       Path
  --------------------------------------------------------------------------
  clock clk (rise edge)                                   0.00       0.00
  clock network delay (ideal)                             0.00       0.00
  ain_tmp_reg[1]/CP (FD1)                                 0.00       0.00 r
  ain_tmp_reg[1]/Q (FD1)                                  3.12       3.12 r
  add_1_root_add_20_2/A[1] (Adder16_DW01_add_1)           0.00       3.12 r
  add_1_root_add_20_2/U187/Z (OR2)                        2.46       5.57 r
  add_1_root_add_20_2/U186/Z (IVA)                        0.69       6.26 f
  add_1_root_add_20_2/U10/Z (NR3)                         2.23       8.49 r
  add_1_root_add_20_2/U8/Z (ND2)                          0.88       9.37 f
  add_1_root_add_20_2/U36/Z (ND2)                         1.19      10.56 r
  add_1_root_add_20_2/U34/Z (AO3)                         1.15      11.71 f
  add_1_root_add_20_2/U57/Z (ND2)                         1.19      12.89 r
  add_1_root_add_20_2/U56/Z (EO)                          2.10      14.99 f
  add_1_root_add_20_2/SUM[10] (Adder16_DW01_add_1)        0.00      14.99 f
  sout_reg[10]/D (FD1)                                    0.00      14.99 f
  data arrival time                                                 14.99

  clock clk (rise edge)                                  20.00      20.00
  clock network delay (ideal)                             0.00      20.00
  clock uncertainty                                      -0.45      19.55
  sout_reg[10]/CP (FD1)                                   0.00      19.55 r
  library setup time                                     -0.80      18.75
  data required time                                                18.75
  --------------------------------------------------------------------------
  data required time                                                18.75
  data arrival time                                                -14.99
  --------------------------------------------------------------------------
  slack (MET)                                                        3.76


  Startpoint: ain_tmp_reg[1]
              (rising edge-triggered flip-flop clocked by clk)
  Endpoint: sout_reg[4]
            (rising edge-triggered flip-flop clocked by clk)
  Path Group: clk
  Path Type: max

  Point                                                   Incr       Path
  --------------------------------------------------------------------------
  clock clk (rise edge)                                   0.00       0.00
  clock network delay (ideal)                             0.00       0.00
  ain_tmp_reg[1]/CP (FD1)                                 0.00       0.00 r
  ain_tmp_reg[1]/Q (FD1)                                  3.12       3.12 r
  add_1_root_add_20_2/A[1] (Adder16_DW01_add_1)           0.00       3.12 r
  add_1_root_add_20_2/U187/Z (OR2)                        2.46       5.57 r
  add_1_root_add_20_2/U186/Z (IVA)                        0.69       6.26 f
  add_1_root_add_20_2/U10/Z (NR3)                         2.23       8.49 r
  add_1_root_add_20_2/U8/Z (ND2)                          0.88       9.37 f
  add_1_root_add_20_2/U32/Z (ND4)                         2.53      11.89 r
  add_1_root_add_20_2/U79/Z (EN)                          2.10      13.99 f
  add_1_root_add_20_2/SUM[4] (Adder16_DW01_add_1)         0.00      13.99 f
  sout_reg[4]/D (FD1)                                     0.00      13.99 f
  data arrival time                                                 13.99

  clock clk (rise edge)                                  20.00      20.00
  clock network delay (ideal)                             0.00      20.00
  clock uncertainty                                      -0.45      19.55
  sout_reg[4]/CP (FD1)                                    0.00      19.55 r
  library setup time                                     -0.80      18.75
  data required time                                                18.75
  --------------------------------------------------------------------------
  data required time                                                18.75
  data arrival time                                                -13.99
  --------------------------------------------------------------------------
  slack (MET)                                                        4.76


  Startpoint: ain_tmp_reg[0]
              (rising edge-triggered flip-flop clocked by clk)
  Endpoint: sout_reg[3]
            (rising edge-triggered flip-flop clocked by clk)
  Path Group: clk
  Path Type: max

  Point                                                   Incr       Path
  --------------------------------------------------------------------------
  clock clk (rise edge)                                   0.00       0.00
  clock network delay (ideal)                             0.00       0.00
  ain_tmp_reg[0]/CP (FD1)                                 0.00       0.00 r
  ain_tmp_reg[0]/Q (FD1)                                  3.12       3.12 r
  add_1_root_add_20_2/A[0] (Adder16_DW01_add_1)           0.00       3.12 r
  add_1_root_add_20_2/U197/Z (OR2)                        1.38       4.50 r
  add_1_root_add_20_2/U185/Z (IVA)                        0.69       5.18 f
  add_1_root_add_20_2/U83/Z (AO7)                         1.94       7.13 r
  add_1_root_add_20_2/U85/Z (ND2)                         0.40       7.53 f
  add_1_root_add_20_2/U84/Z (ND2)                         1.44       8.97 r
  add_1_root_add_20_2/U91/Z (ND2)                         0.40       9.37 f
  add_1_root_add_20_2/U90/Z (ND2)                         1.19      10.56 r
  add_1_root_add_20_2/U88/Z (EN)                          2.10      12.66 f
  add_1_root_add_20_2/SUM[3] (Adder16_DW01_add_1)         0.00      12.66 f
  sout_reg[3]/D (FD1)                                     0.00      12.66 f
  data arrival time                                                 12.66

  clock clk (rise edge)                                  20.00      20.00
  clock network delay (ideal)                             0.00      20.00
  clock uncertainty                                      -0.45      19.55
  sout_reg[3]/CP (FD1)                                    0.00      19.55 r
  library setup time                                     -0.80      18.75
  data required time                                                18.75
  --------------------------------------------------------------------------
  data required time                                                18.75
  data arrival time                                                -12.66
  --------------------------------------------------------------------------
  slack (MET)                                                        6.09


  Startpoint: ain_tmp_reg[0]
              (rising edge-triggered flip-flop clocked by clk)
  Endpoint: sout_reg[2]
            (rising edge-triggered flip-flop clocked by clk)
  Path Group: clk
  Path Type: max

  Point                                                   Incr       Path
  --------------------------------------------------------------------------
  clock clk (rise edge)                                   0.00       0.00
  clock network delay (ideal)                             0.00       0.00
  ain_tmp_reg[0]/CP (FD1)                                 0.00       0.00 r
  ain_tmp_reg[0]/Q (FD1)                                  3.12       3.12 r
  add_1_root_add_20_2/A[0] (Adder16_DW01_add_1)           0.00       3.12 r
  add_1_root_add_20_2/U197/Z (OR2)                        1.38       4.50 r
  add_1_root_add_20_2/U185/Z (IVA)                        0.69       5.18 f
  add_1_root_add_20_2/U83/Z (AO7)                         1.94       7.13 r
  add_1_root_add_20_2/U85/Z (ND2)                         0.40       7.53 f
  add_1_root_add_20_2/U84/Z (ND2)                         1.44       8.97 r
  add_1_root_add_20_2/U6/Z (EO)                           2.10      11.07 f
  add_1_root_add_20_2/SUM[2] (Adder16_DW01_add_1)         0.00      11.07 f
  sout_reg[2]/D (FD1)                                     0.00      11.07 f
  data arrival time                                                 11.07

  clock clk (rise edge)                                  20.00      20.00
  clock network delay (ideal)                             0.00      20.00
  clock uncertainty                                      -0.45      19.55
  sout_reg[2]/CP (FD1)                                    0.00      19.55 r
  library setup time                                     -0.80      18.75
  data required time                                                18.75
  --------------------------------------------------------------------------
  data required time                                                18.75
  data arrival time                                                -11.07
  --------------------------------------------------------------------------
  slack (MET)                                                        7.68


1
